 36 31 48 57 38 41 50 59
 47 56 37 30 49 58 39 42
 32 35 54 45 40 29 60 51
 55 46 33 26 53 62 43 28
 34 25  6 13 44 27 52 61
  7 14 17 24  5 12 63 20
 16 23  2  9 18 21  4 11
  1  8 15 22  3 10 19 64
