  0  0  0
  0  0  0
No tour exists for this board.