 25 44 27 36 23 42 21
 28 37 24 43 20 35 40
 45 26 17 38 41 22 19
 16 29  6 47 18 39 34
  7 46 15 30  5 48 11
 14 31  2  9 12 33  4
  1  8 13 32  3 10 49