 36 33 20 27 16  9
 19 28 35 10 21 26
 34 11 32 17  8 15
 31 18 29  4 25 22
 12  5  2 23 14  7
  1 30 13  6  3 24