{ -275, -237, -165, -161, -160, -155, -146, -143, -130, -123, -111, -106, -101, -100, -99, -98, -91, -88, -83, -81, -80, -80, -78, -76, -75, -73, -71, -71, -67, -62, -62, -59, -58, -55, -53, -49, -45, -42, -41, -40, -39, -39, -39, -29, -24, -24, -22, -17, -16, -13, -8, -2, -1, 7, 8, 8, 10, 13, 13, 15, 26, 27, 37, 42, 43, 43, 44, 49, 52, 55, 57, 61, 62, 62, 72, 75, 76, 77, 77, 78, 82, 84, 89, 91, 100, 100, 103, 105, 115, 117, 117, 121, 123, 125, 152, 155, 177, 205, 225, 288 }